prewarmed 12 relations
5m unscoped     common repo     n= 20 p50= 4000.00 p95= 4000.00 max=  4000.0 rows=  0.0 to=23
5m unscoped     common like     n= 77 p50=    0.78 p95=    2.29 max=   166.6 rows= 25.0 to=0
5m unscoped     common tsv      n= 77 p50=    8.46 p95=   27.64 max=    52.3 rows= 25.0 to=0
5m unscoped     common tsvrank  n= 48 p50=  484.77 p95=  787.33 max=   804.4 rows= 25.0 to=0
5m unscoped     common wsim     n= 20 p50= 1103.28 p95= 3465.67 max=  3494.0 rows= 25.0 to=0
5m unscoped     mid    repo     n= 20 p50= 4000.00 p95= 4000.00 max=  4000.0 rows=  0.0 to=23
5m unscoped     mid    like     n= 77 p50=   19.51 p95=   47.22 max=    55.4 rows= 25.0 to=0
5m unscoped     mid    tsv      n= 77 p50=  101.33 p95=  259.65 max=   276.3 rows= 25.0 to=0
5m unscoped     mid    tsvrank  n= 77 p50=   44.13 p95=   62.70 max=    79.8 rows= 25.0 to=0
5m unscoped     rare   repo     n= 20 p50= 4000.00 p95= 4000.00 max=  4000.0 rows=  0.0 to=23
5m unscoped     rare   like     n= 20 p50= 4000.00 p95= 4000.00 max=  4000.0 rows=  0.0 to=23
5m unscoped     rare   tsv      n= 77 p50=    0.46 p95=    0.79 max=     1.2 rows=  8.3 to=0
5m unscoped     two    repo     n= 20 p50= 4000.00 p95= 4000.00 max=  4000.0 rows=  0.0 to=23
5m unscoped     two    like     n= 20 p50= 4000.00 p95= 4000.00 max=  4000.0 rows= 11.2 to=12
5m unscoped     two    tsv      n= 77 p50=   23.61 p95=   75.77 max=    99.7 rows= 22.3 to=0
5m unscoped     typo   repo     n= 20 p50= 4000.00 p95= 4000.00 max=  4000.0 rows=  0.0 to=23 recall=0.0
5m unscoped     typo   wsim     n= 77 p50=  194.89 p95=  774.77 max=  1545.0 rows= 23.1 to=0 recall=0.818
5m unscoped     typo   dict     n= 77 p50=    4.56 p95=   33.15 max=    59.2 rows= 21.8 to=0 recall=0.792
5m unscoped     prefix btree    n= 77 p50=    5.59 p95=   62.57 max=   160.7 rows= 25.0 to=0
5m unscoped     prefix like     n= 77 p50=    1.60 p95=   34.15 max=    98.8 rows= 25.0 to=0
5m unscoped     prefix tsv      n= 77 p50=   26.76 p95=  153.64 max=   202.7 rows= 25.0 to=0
5m country      common repo     n= 20 p50= 4000.00 p95= 4000.00 max=  4000.0 rows=  0.0 to=23
5m country      common like     n= 77 p50=    1.54 p95=    4.56 max=   166.6 rows= 25.0 to=0
5m country      common tsv      n= 77 p50=   22.29 p95=   40.19 max=    50.3 rows= 25.0 to=0
5m country      common tsvrank  n= 58 p50=  393.15 p95=  605.72 max=   620.3 rows= 25.0 to=0
5m country      common wsim     n= 20 p50= 1403.79 p95= 1733.30 max=  1745.0 rows= 25.0 to=0
5m country      mid    repo     n= 20 p50= 4000.00 p95= 4000.00 max=  4000.0 rows=  0.0 to=23
5m country      mid    like     n= 77 p50=   22.21 p95=   52.15 max=   125.1 rows= 25.0 to=0
5m country      mid    tsv      n= 77 p50=  163.41 p95=  311.01 max=   351.8 rows= 25.0 to=0
5m country      mid    tsvrank  n= 77 p50=  193.21 p95=  255.82 max=   295.6 rows= 25.0 to=0
5m country      rare   repo     n= 20 p50= 4000.00 p95= 4000.00 max=  4000.0 rows=  0.0 to=23
5m country      rare   like     n= 77 p50=    2.38 p95=    4.78 max=     6.8 rows=  5.9 to=0
5m country      rare   tsv      n= 77 p50=    0.52 p95=    0.82 max=     1.3 rows=  5.6 to=0
